Archive member included because of file (symbol)

c:/program files/atmel/avr studio 5.0/extensions/application/avr toolchain/bin/../lib/gcc/avr/4.5.1/avr4\libgcc.a(_exit.o)
                              c:/program files/atmel/avr studio 5.0/extensions/application/avr toolchain/bin/../lib/gcc/avr/4.5.1/../../../../avr/lib/avr4/crtm88.o (exit)
c:/program files/atmel/avr studio 5.0/extensions/application/avr toolchain/bin/../lib/gcc/avr/4.5.1/avr4\libgcc.a(_copy_data.o)
                              gamecube.o (__do_copy_data)
c:/program files/atmel/avr studio 5.0/extensions/application/avr toolchain/bin/../lib/gcc/avr/4.5.1/avr4\libgcc.a(_clear_bss.o)
                              gamecube.o (__do_clear_bss)
c:/program files/atmel/avr studio 5.0/extensions/application/avr toolchain/bin/../lib/gcc/avr/4.5.1/../../../../avr/lib/avr4\libc.a(memcmp.o)
                              gamecube.o (memcmp)

Allocating common symbols
Common symbol       size              file

usbTxBuf            0xb               usbdrv/usbdrv.o
rt_usbHidReportDescriptorSize
                    0x1               usbdrv/usbdrv.o
rt_usbDeviceDescriptor
                    0x2               usbdrv/usbdrv.o
usbAppBuf           0x1               usbdrv/usbdrv.o
usbTxBuf1           0xb               usbdrv/usbdrv.o
usbInputBuf         0x1               usbdrv/usbdrv.o
usbDeviceAddr       0x1               usbdrv/usbdrv.o
usbRxToken          0x1               usbdrv/usbdrv.o
usbMsgPtr           0x2               usbdrv/usbdrv.o
usbRxLen            0x1               usbdrv/usbdrv.o
usbNewDeviceAddr    0x1               usbdrv/usbdrv.o
rt_usbDeviceDescriptorSize
                    0x1               usbdrv/usbdrv.o
usbCurrentTok       0x1               usbdrv/usbdrv.o
usbConfiguration    0x1               usbdrv/usbdrv.o
rt_usbHidReportDescriptor
                    0x2               usbdrv/usbdrv.o

Memory Configuration

Name             Origin             Length             Attributes
text             0x00000000         0x00002000         xr
data             0x00800060         0x0000ffa0         rw !x
eeprom           0x00810000         0x00010000         rw !x
fuse             0x00820000         0x00000400         rw !x
lock             0x00830000         0x00000400         rw !x
signature        0x00840000         0x00000400         rw !x
*default*        0x00000000         0xffffffff

Linker script and memory map

Address of section .data set to 0x800100
LOAD c:/program files/atmel/avr studio 5.0/extensions/application/avr toolchain/bin/../lib/gcc/avr/4.5.1/../../../../avr/lib/avr4/crtm88.o
LOAD devdesc.o
LOAD gamecube.o
LOAD main.o
LOAD n64.o
LOAD reportdesc.o
LOAD usbdrv/oddebug.o
LOAD usbdrv/usbdrv.o
LOAD usbdrv/usbdrvasm.o
LOAD c:/program files/atmel/avr studio 5.0/extensions/application/avr toolchain/bin/../lib/gcc/avr/4.5.1/avr4\libgcc.a
LOAD c:/program files/atmel/avr studio 5.0/extensions/application/avr toolchain/bin/../lib/gcc/avr/4.5.1/../../../../avr/lib/avr4\libc.a
LOAD c:/program files/atmel/avr studio 5.0/extensions/application/avr toolchain/bin/../lib/gcc/avr/4.5.1/avr4\libgcc.a

.hash
 *(.hash)

.dynsym
 *(.dynsym)

.dynstr
 *(.dynstr)

.gnu.version
 *(.gnu.version)

.gnu.version_d
 *(.gnu.version_d)

.gnu.version_r
 *(.gnu.version_r)

.rel.init
 *(.rel.init)

.rela.init
 *(.rela.init)

.rel.text
 *(.rel.text)
 *(.rel.text.*)
 *(.rel.gnu.linkonce.t*)

.rela.text
 *(.rela.text)
 *(.rela.text.*)
 *(.rela.gnu.linkonce.t*)

.rel.fini
 *(.rel.fini)

.rela.fini
 *(.rela.fini)

.rel.rodata
 *(.rel.rodata)
 *(.rel.rodata.*)
 *(.rel.gnu.linkonce.r*)

.rela.rodata
 *(.rela.rodata)
 *(.rela.rodata.*)
 *(.rela.gnu.linkonce.r*)

.rel.data
 *(.rel.data)
 *(.rel.data.*)
 *(.rel.gnu.linkonce.d*)

.rela.data
 *(.rela.data)
 *(.rela.data.*)
 *(.rela.gnu.linkonce.d*)

.rel.ctors
 *(.rel.ctors)

.rela.ctors
 *(.rela.ctors)

.rel.dtors
 *(.rel.dtors)

.rela.dtors
 *(.rela.dtors)

.rel.got
 *(.rel.got)

.rela.got
 *(.rela.got)

.rel.bss
 *(.rel.bss)

.rela.bss
 *(.rela.bss)

.rel.plt
 *(.rel.plt)

.rela.plt
 *(.rela.plt)

.text           0x00000000     0x10bc
 *(.vectors)
 .vectors       0x00000000       0x34 c:/program files/atmel/avr studio 5.0/extensions/application/avr toolchain/bin/../lib/gcc/avr/4.5.1/../../../../avr/lib/avr4/crtm88.o
                0x00000000                __vector_default
                0x00000000                __vectors
 *(.vectors)
 *(.progmem.gcc*)
 *(.progmem*)
 .progmem.data  0x00000034       0x12 devdesc.o
                0x00000034                usbDescrDevice
 .progmem.data  0x00000046        0xa main.o
                0x00000046                usbCfgSerialNumberStringDescriptor
 .progmem.data  0x00000050       0x2d reportdesc.o
                0x00000050                gcn64_usbHidReportDescriptor
 .progmem.data  0x0000007d       0x54 usbdrv/usbdrv.o
                0x000000d2                . = ALIGN (0x2)
 *fill*         0x000000d1        0x1 00
                0x000000d2                __trampolines_start = .
 *(.trampolines)
 .trampolines   0x000000d2        0x0 linker stubs
 *(.trampolines*)
                0x000000d2                __trampolines_end = .
 *(.jumptables)
 *(.jumptables*)
 *(.lowtext)
 *(.lowtext*)
                0x000000d2                __ctors_start = .
 *(.ctors)
                0x000000d2                __ctors_end = .
                0x000000d2                __dtors_start = .
 *(.dtors)
                0x000000d2                __dtors_end = .
 SORT(*)(.ctors)
 SORT(*)(.dtors)
 *(.init0)
 .init0         0x000000d2        0x0 c:/program files/atmel/avr studio 5.0/extensions/application/avr toolchain/bin/../lib/gcc/avr/4.5.1/../../../../avr/lib/avr4/crtm88.o
                0x000000d2                __init
 *(.init0)
 *(.init1)
 *(.init1)
 *(.init2)
 .init2         0x000000d2        0xc c:/program files/atmel/avr studio 5.0/extensions/application/avr toolchain/bin/../lib/gcc/avr/4.5.1/../../../../avr/lib/avr4/crtm88.o
 *(.init2)
 *(.init3)
 *(.init3)
 *(.init4)
 .init4         0x000000de       0x16 c:/program files/atmel/avr studio 5.0/extensions/application/avr toolchain/bin/../lib/gcc/avr/4.5.1/avr4\libgcc.a(_copy_data.o)
                0x000000de                __do_copy_data
 .init4         0x000000f4       0x10 c:/program files/atmel/avr studio 5.0/extensions/application/avr toolchain/bin/../lib/gcc/avr/4.5.1/avr4\libgcc.a(_clear_bss.o)
                0x000000f4                __do_clear_bss
 *(.init4)
 *(.init5)
 *(.init5)
 *(.init6)
 *(.init6)
 *(.init7)
 *(.init7)
 *(.init8)
 *(.init8)
 *(.init9)
 .init9         0x00000104        0x4 c:/program files/atmel/avr studio 5.0/extensions/application/avr toolchain/bin/../lib/gcc/avr/4.5.1/../../../../avr/lib/avr4/crtm88.o
 *(.init9)
 *(.text)
 .text          0x00000108        0x2 c:/program files/atmel/avr studio 5.0/extensions/application/avr toolchain/bin/../lib/gcc/avr/4.5.1/../../../../avr/lib/avr4/crtm88.o
                0x00000108                __vector_22
                0x00000108                __vector_24
                0x00000108                __vector_12
                0x00000108                __bad_interrupt
                0x00000108                __vector_6
                0x00000108                __vector_3
                0x00000108                __vector_23
                0x00000108                __vector_25
                0x00000108                __vector_11
                0x00000108                __vector_13
                0x00000108                __vector_17
                0x00000108                __vector_19
                0x00000108                __vector_7
                0x00000108                __vector_5
                0x00000108                __vector_4
                0x00000108                __vector_9
                0x00000108                __vector_2
                0x00000108                __vector_21
                0x00000108                __vector_15
                0x00000108                __vector_8
                0x00000108                __vector_14
                0x00000108                __vector_10
                0x00000108                __vector_16
                0x00000108                __vector_18
                0x00000108                __vector_20
 .text          0x0000010a        0x6 devdesc.o
                0x0000010a                getUsbDescrDevice_size
 .text          0x00000110      0x46a gamecube.o
                0x0000055e                gamecubeGetGamepad
 .text          0x0000057a      0x1ea main.o
                0x000005ac                usbFunctionSetup
                0x0000060a                main
 .text          0x00000764      0x326 n64.o
                0x000007cc                _n64Update
                0x00000a6e                n64GetGamepad
 .text          0x00000a8a        0x6 reportdesc.o
                0x00000a8a                getUsbHidReportDescriptor_size
 .text          0x00000a90        0x0 usbdrv/oddebug.o
 .text          0x00000a90      0x2a2 usbdrv/usbdrv.o
                0x00000a90                usbSetInterrupt
                0x00000ae8                usbPoll
                0x00000d16                usbInit
 .text          0x00000d32      0x36c usbdrv/usbdrvasm.o
                0x00000d32                __vector_1
                0x00001064                usbCrc16
                0x00001096                usbCrc16Append
 .text          0x0000109e        0x0 c:/program files/atmel/avr studio 5.0/extensions/application/avr toolchain/bin/../lib/gcc/avr/4.5.1/avr4\libgcc.a(_exit.o)
 .text          0x0000109e        0x0 c:/program files/atmel/avr studio 5.0/extensions/application/avr toolchain/bin/../lib/gcc/avr/4.5.1/avr4\libgcc.a(_copy_data.o)
 .text          0x0000109e        0x0 c:/program files/atmel/avr studio 5.0/extensions/application/avr toolchain/bin/../lib/gcc/avr/4.5.1/avr4\libgcc.a(_clear_bss.o)
 .text          0x0000109e        0x0 c:/program files/atmel/avr studio 5.0/extensions/application/avr toolchain/bin/../lib/gcc/avr/4.5.1/../../../../avr/lib/avr4\libc.a(memcmp.o)
                0x0000109e                . = ALIGN (0x2)
 *(.text.*)
 .text.libgcc   0x0000109e        0x0 c:/program files/atmel/avr studio 5.0/extensions/application/avr toolchain/bin/../lib/gcc/avr/4.5.1/avr4\libgcc.a(_exit.o)
 .text.libgcc   0x0000109e        0x0 c:/program files/atmel/avr studio 5.0/extensions/application/avr toolchain/bin/../lib/gcc/avr/4.5.1/avr4\libgcc.a(_copy_data.o)
 .text.libgcc   0x0000109e        0x0 c:/program files/atmel/avr studio 5.0/extensions/application/avr toolchain/bin/../lib/gcc/avr/4.5.1/avr4\libgcc.a(_clear_bss.o)
 .text.avr-libc
                0x0000109e       0x1a c:/program files/atmel/avr studio 5.0/extensions/application/avr toolchain/bin/../lib/gcc/avr/4.5.1/../../../../avr/lib/avr4\libc.a(memcmp.o)
                0x0000109e                memcmp
                0x000010b8                . = ALIGN (0x2)
 *(.fini9)
 .fini9         0x000010b8        0x0 c:/program files/atmel/avr studio 5.0/extensions/application/avr toolchain/bin/../lib/gcc/avr/4.5.1/avr4\libgcc.a(_exit.o)
                0x000010b8                _exit
                0x000010b8                exit
 *(.fini9)
 *(.fini8)
 *(.fini8)
 *(.fini7)
 *(.fini7)
 *(.fini6)
 *(.fini6)
 *(.fini5)
 *(.fini5)
 *(.fini4)
 *(.fini4)
 *(.fini3)
 *(.fini3)
 *(.fini2)
 *(.fini2)
 *(.fini1)
 *(.fini1)
 *(.fini0)
 .fini0         0x000010b8        0x4 c:/program files/atmel/avr studio 5.0/extensions/application/avr toolchain/bin/../lib/gcc/avr/4.5.1/avr4\libgcc.a(_exit.o)
 *(.fini0)
                0x000010bc                _etext = .

.data           0x00800100       0x32 load address 0x000010bc
                0x00800100                PROVIDE (__data_start, .)
 *(.data)
 .data          0x00800100        0x0 c:/program files/atmel/avr studio 5.0/extensions/application/avr toolchain/bin/../lib/gcc/avr/4.5.1/../../../../avr/lib/avr4/crtm88.o
 .data          0x00800100        0x0 devdesc.o
 .data          0x00800100       0x16 gamecube.o
                0x00800100                GamecubeGamepad
 .data          0x00800116        0x0 main.o
 .data          0x00800116       0x16 n64.o
                0x00800116                N64Gamepad
 .data          0x0080012c        0x0 reportdesc.o
 .data          0x0080012c        0x0 usbdrv/oddebug.o
 .data          0x0080012c        0x5 usbdrv/usbdrv.o
                0x0080012c                usbMsgLen
                0x0080012d                usbTxLen
                0x0080012e                usbTxLen1
                0x0080012f                usbAckBuf
                0x00800130                usbNakBuf
 .data          0x00800131        0x0 usbdrv/usbdrvasm.o
 .data          0x00800131        0x0 c:/program files/atmel/avr studio 5.0/extensions/application/avr toolchain/bin/../lib/gcc/avr/4.5.1/avr4\libgcc.a(_exit.o)
 .data          0x00800131        0x0 c:/program files/atmel/avr studio 5.0/extensions/application/avr toolchain/bin/../lib/gcc/avr/4.5.1/avr4\libgcc.a(_copy_data.o)
 .data          0x00800131        0x0 c:/program files/atmel/avr studio 5.0/extensions/application/avr toolchain/bin/../lib/gcc/avr/4.5.1/avr4\libgcc.a(_clear_bss.o)
 .data          0x00800131        0x0 c:/program files/atmel/avr studio 5.0/extensions/application/avr toolchain/bin/../lib/gcc/avr/4.5.1/../../../../avr/lib/avr4\libc.a(memcmp.o)
 *(.data*)
 *(.rodata)
 *(.rodata*)
 *(.gnu.linkonce.d*)
                0x00800132                . = ALIGN (0x2)
 *fill*         0x00800131        0x1 00
                0x00800132                _edata = .
                0x00800132                PROVIDE (__data_end, .)

.bss            0x00800132       0x64
                0x00800132                PROVIDE (__bss_start, .)
 *(.bss)
 .bss           0x00800132        0x0 c:/program files/atmel/avr studio 5.0/extensions/application/avr toolchain/bin/../lib/gcc/avr/4.5.1/../../../../avr/lib/avr4/crtm88.o
 .bss           0x00800132        0x0 devdesc.o
 .bss           0x00800132       0x11 gamecube.o
 .bss           0x00800143        0xb main.o
 .bss           0x0080014e        0x9 n64.o
 .bss           0x00800157        0x0 reportdesc.o
 .bss           0x00800157        0x0 usbdrv/oddebug.o
 .bss           0x00800157       0x19 usbdrv/usbdrv.o
                0x00800157                usbRxBuf
 .bss           0x00800170        0x0 usbdrv/usbdrvasm.o
 .bss           0x00800170        0x0 c:/program files/atmel/avr studio 5.0/extensions/application/avr toolchain/bin/../lib/gcc/avr/4.5.1/avr4\libgcc.a(_exit.o)
 .bss           0x00800170        0x0 c:/program files/atmel/avr studio 5.0/extensions/application/avr toolchain/bin/../lib/gcc/avr/4.5.1/avr4\libgcc.a(_copy_data.o)
 .bss           0x00800170        0x0 c:/program files/atmel/avr studio 5.0/extensions/application/avr toolchain/bin/../lib/gcc/avr/4.5.1/avr4\libgcc.a(_clear_bss.o)
 .bss           0x00800170        0x0 c:/program files/atmel/avr studio 5.0/extensions/application/avr toolchain/bin/../lib/gcc/avr/4.5.1/../../../../avr/lib/avr4\libc.a(memcmp.o)
 *(.bss*)
 *(COMMON)
 COMMON         0x00800170       0x26 usbdrv/usbdrv.o
                0x00800170                usbTxBuf
                0x0080017b                rt_usbHidReportDescriptorSize
                0x0080017c                rt_usbDeviceDescriptor
                0x0080017e                usbAppBuf
                0x0080017f                usbTxBuf1
                0x0080018a                usbInputBuf
                0x0080018b                usbDeviceAddr
                0x0080018c                usbRxToken
                0x0080018d                usbMsgPtr
                0x0080018f                usbRxLen
                0x00800190                usbNewDeviceAddr
                0x00800191                rt_usbDeviceDescriptorSize
                0x00800192                usbCurrentTok
                0x00800193                usbConfiguration
                0x00800194                rt_usbHidReportDescriptor
                0x00800196                PROVIDE (__bss_end, .)
                0x000010bc                __data_load_start = LOADADDR (.data)
                0x000010ee                __data_load_end = (__data_load_start + SIZEOF (.data))

.noinit         0x00800196        0x0
                0x00800196                PROVIDE (__noinit_start, .)
 *(.noinit*)
                0x00800196                PROVIDE (__noinit_end, .)
                0x00800196                _end = .
                0x00800196                PROVIDE (__heap_start, .)

.eeprom         0x00810000        0x0
 *(.eeprom*)
                0x00810000                __eeprom_end = .

.fuse
 *(.fuse)
 *(.lfuse)
 *(.hfuse)
 *(.efuse)

.lock
 *(.lock*)

.signature
 *(.signature*)

.stab           0x00000000      0x780
 *(.stab)
 .stab          0x00000000      0x6cc c:/program files/atmel/avr studio 5.0/extensions/application/avr toolchain/bin/../lib/gcc/avr/4.5.1/../../../../avr/lib/avr4/crtm88.o
 .stab          0x000006cc       0xb4 c:/program files/atmel/avr studio 5.0/extensions/application/avr toolchain/bin/../lib/gcc/avr/4.5.1/../../../../avr/lib/avr4\libc.a(memcmp.o)
                                 0xc0 (size before relaxing)

.stabstr        0x00000000       0xe1
 *(.stabstr)
 .stabstr       0x00000000       0xe1 c:/program files/atmel/avr studio 5.0/extensions/application/avr toolchain/bin/../lib/gcc/avr/4.5.1/../../../../avr/lib/avr4/crtm88.o

.stab.excl
 *(.stab.excl)

.stab.exclstr
 *(.stab.exclstr)

.stab.index
 *(.stab.index)

.stab.indexstr
 *(.stab.indexstr)

.comment
 *(.comment)

.debug
 *(.debug)

.line
 *(.line)

.debug_srcinfo
 *(.debug_srcinfo)

.debug_sfnames
 *(.debug_sfnames)

.debug_aranges  0x00000000       0x20
 *(.debug_aranges)
 .debug_aranges
                0x00000000       0x20 usbdrv/usbdrvasm.o

.debug_pubnames
 *(.debug_pubnames)

.debug_info     0x00000000       0x7d
 *(.debug_info)
 .debug_info    0x00000000       0x7d usbdrv/usbdrvasm.o
 *(.gnu.linkonce.wi.*)

.debug_abbrev   0x00000000       0x14
 *(.debug_abbrev)
 .debug_abbrev  0x00000000       0x14 usbdrv/usbdrvasm.o

.debug_line     0x00000000      0x1f1
 *(.debug_line)
 .debug_line    0x00000000      0x1f1 usbdrv/usbdrvasm.o

.debug_frame
 *(.debug_frame)

.debug_str
 *(.debug_str)

.debug_loc
 *(.debug_loc)

.debug_macinfo
 *(.debug_macinfo)
OUTPUT(N64_joystick.elf elf32-avr)
LOAD linker stubs
